finbalance: 60 items x 4 models
{'done': 1}
{'done': 2}
{'done': 3}
{'done': 4}
{'done': 5}
{'done': 6}
{'done': 7}
{'done': 8}
{'done': 9}
{'done': 10}
{'done': 11}
{'done': 12}
{'done': 13}
{'done': 14}
{'done': 15}
{'done': 16}
{'done': 17}
{'done': 18}
{'done': 19}
{'done': 20}
{'done': 21}
{'done': 22}
{'done': 23}
{'done': 24}
{'done': 25}
{'done': 26}
{'done': 27}
{'done': 28}
{'done': 29}
{'done': 30}
{'done': 31}
{'done': 32}
{'done': 33}
{'done': 34}
{'done': 35}
{'done': 36}
{'done': 37}
{'done': 38}
{'done': 39}
{'done': 40}
{'done': 41}
{'done': 42}
{'done': 43}
{'done': 44}
{'done': 45}
{'done': 46}
{'done': 47}
{'done': 48}
{'done': 49}
{'done': 50}
{'done': 51}
{'done': 52}
{'done': 53}
{'done': 54}
{'done': 55}
{'done': 56}
{'done': 57}
{'done': 58}
{'done': 59}
{'done': 60}
{'done': 61}
{'done': 62}
{'done': 63}
{'done': 64}
{'done': 65}
{'done': 66}
{'done': 67}
{'done': 68}
{'done': 69}
{'done': 70}
{'done': 71}
{'done': 72}
{'done': 73}
{'done': 74}
{'done': 75}
{'done': 76}
{'done': 77}
{'done': 78}
{'done': 79}
{'done': 80}
{'done': 81}
{'done': 82}
{'done': 83}
{'done': 84}
{'done': 85}
{'done': 86}
{'done': 87}
{'done': 88}
{'done': 89}
{'done': 90}
{'done': 91}
{'done': 92}
{'done': 93}
{'done': 94}
{'done': 95}
{'done': 96}
{'done': 97}
{'done': 98}
{'done': 99}
{'done': 100}
{'done': 101}
{'done': 102}
{'done': 103}
{'done': 104}
{'done': 105}
{'done': 106}
{'done': 107}
{'done': 108}
{'done': 109}
{'done': 110}
{'done': 111}
{'done': 112}
{'done': 113}
{'done': 114}
{'done': 115}
{'done': 116}
{'done': 117}
{'done': 118}
{'done': 119}
{'done': 120}
{'done': 121}
{'done': 122}
{'done': 123}
{'done': 124}
{'done': 125}
{'done': 126}
{'done': 127}
{'done': 128}
{'done': 129}
{'done': 130}
{'done': 131}
{'done': 132}
{'done': 133}
{'done': 134}
{'done': 135}
{'done': 136}
{'done': 137}
{'done': 138}
{'done': 139}
{'done': 140}
{'done': 141}
{'done': 142}
{'done': 143}
{'done': 144}
{'done': 145}
{'done': 146}
{'done': 147}
{'done': 148}
{'done': 149}
{'done': 150}
{'done': 151}
{'done': 152}
{'done': 153}
{'done': 154}
{'done': 155}
{'done': 156}
{'done': 157}
{'done': 158}
{'done': 159}
{'done': 160}
{'done': 161}
{'done': 162}
{'done': 163}
{'done': 164}
{'done': 165}
{'done': 166}
{'done': 167}
{'done': 168}
{'done': 169}
{'done': 170}
{'done': 171}
{'done': 172}
{'done': 173}
{'done': 174}
{'done': 175}
{'done': 176}
{'done': 177}
{'done': 178}
{'done': 179}
{'done': 180}
{'done': 181}
{'done': 182}
{'done': 183}
{'done': 184}
{'done': 185}
{'done': 186}
{'done': 187}
{'done': 188}
{'done': 189}
{'done': 190}
{'done': 191}
{'done': 192}
{'done': 193}
{'done': 194}
{'done': 195}
{'done': 196}
{'done': 197}
{'done': 198}
{'done': 199}
{'done': 200}
{'done': 201}
{'done': 202}
{'done': 203}
{'done': 204}
{'done': 205}
{'done': 206}
{'done': 207}
{'done': 208}
{'done': 209}
{'done': 210}
{'done': 211}
{'done': 212}
{'done': 213}
{'done': 214}
{'done': 215}
{'done': 215, 'error': 1}
{'done': 215, 'error': 2}
{'done': 215, 'error': 3}
{'done': 215, 'error': 4}
{'done': 215, 'error': 5}
{'done': 215, 'error': 6}
{'done': 216, 'error': 6}
{'done': 217, 'error': 6}
{'done': 218, 'error': 6}
{'done': 219, 'error': 6}
{'done': 220, 'error': 6}
{'done': 221, 'error': 6}
{'done': 222, 'error': 6}
{'done': 223, 'error': 6}
{'done': 224, 'error': 6}
{'done': 225, 'error': 6}
{'done': 226, 'error': 6}
{'done': 227, 'error': 6}
{'done': 228, 'error': 6}
{'done': 229, 'error': 6}
{'done': 230, 'error': 6}
{'done': 231, 'error': 6}
{'done': 232, 'error': 6}
{'done': 233, 'error': 6}
{'done': 234, 'error': 6}
final {'done': 234, 'error': 6}
finbalance: 60 items x 4 models
{'cached': 1}
{'cached': 2}
{'cached': 3}
{'cached': 4}
{'cached': 5}
{'cached': 6}
{'cached': 7}
{'cached': 8}
{'cached': 9}
{'cached': 10}
{'cached': 11}
{'cached': 12}
{'cached': 13}
{'cached': 14}
{'cached': 15}
{'cached': 16}
{'cached': 17}
{'cached': 18}
{'cached': 19}
{'cached': 20}
{'cached': 21}
{'cached': 22}
{'cached': 23}
{'cached': 24}
{'cached': 25}
{'cached': 26}
{'cached': 27}
{'cached': 28}
{'cached': 29}
{'cached': 30}
{'cached': 31}
{'cached': 32}
{'cached': 33}
{'cached': 34}
{'cached': 35}
{'cached': 36}
{'cached': 37}
{'cached': 38}
{'cached': 39}
{'cached': 40}
{'cached': 41}
{'cached': 42}
{'cached': 43}
{'cached': 44}
{'cached': 45}
{'cached': 46}
{'cached': 47}
{'cached': 48}
{'cached': 49}
{'cached': 50}
{'cached': 51}
{'cached': 52}
{'cached': 53}
{'cached': 54}
{'cached': 55}
{'cached': 56}
{'cached': 57}
{'cached': 58}
{'cached': 59}
{'cached': 60}
{'cached': 61}
{'cached': 62}
{'cached': 63}
{'cached': 64}
{'cached': 65}
{'cached': 66}
{'cached': 67}
{'cached': 68}
{'cached': 69}
{'cached': 70}
{'cached': 71}
{'cached': 72}
{'cached': 73}
{'cached': 74}
{'cached': 75}
{'cached': 76}
{'cached': 77}
{'cached': 78}
{'cached': 79}
{'cached': 80}
{'cached': 81}
{'cached': 82}
{'cached': 83}
{'cached': 84}
{'cached': 85}
{'cached': 86}
{'cached': 87}
{'cached': 88}
{'cached': 89}
{'cached': 90}
{'cached': 91}
{'cached': 92}
{'cached': 93}
{'cached': 94}
{'cached': 95}
{'cached': 96}
{'cached': 97}
{'cached': 98}
{'cached': 99}
{'cached': 100}
{'cached': 101}
{'cached': 102}
{'cached': 103}
{'cached': 104}
{'cached': 105}
{'cached': 106}
{'cached': 107}
{'cached': 108}
{'cached': 109}
{'cached': 110}
{'cached': 111}
{'cached': 112}
{'cached': 113}
{'cached': 114}
{'cached': 115}
{'cached': 116}
{'cached': 117}
{'cached': 118}
{'cached': 119}
{'cached': 120}
{'cached': 121}
{'cached': 122}
{'cached': 123}
{'cached': 124}
{'cached': 125}
{'cached': 126}
{'cached': 127}
{'cached': 128}
{'cached': 129}
{'cached': 130}
{'cached': 131}
{'cached': 132}
{'cached': 133}
{'cached': 134}
{'cached': 135}
{'cached': 136}
{'cached': 137}
{'cached': 138}
{'cached': 139}
{'cached': 140}
{'cached': 141}
{'cached': 142}
{'cached': 143}
{'cached': 144}
{'cached': 145}
{'cached': 146}
{'cached': 147}
{'cached': 148}
{'cached': 149}
{'cached': 150}
{'cached': 151}
{'cached': 152}
{'cached': 153}
{'cached': 154}
{'cached': 155}
{'cached': 156}
{'cached': 157}
{'cached': 158}
{'cached': 159}
{'cached': 160}
{'cached': 161}
{'cached': 162}
{'cached': 163}
{'cached': 164}
{'cached': 165}
{'cached': 166}
{'cached': 167}
{'cached': 168}
{'cached': 169}
{'cached': 170}
{'cached': 171}
{'cached': 172}
{'cached': 173}
{'cached': 174}
{'cached': 175}
{'cached': 176}
{'cached': 177}
{'cached': 178}
{'cached': 179}
{'cached': 180}
{'cached': 181}
{'cached': 182}
{'cached': 183}
{'cached': 184}
{'cached': 185}
{'cached': 186}
{'cached': 187}
{'cached': 188}
{'cached': 189}
{'cached': 190}
{'cached': 191}
{'cached': 192}
{'cached': 193}
{'cached': 194}
{'cached': 195}
{'cached': 196}
{'cached': 197}
{'cached': 198}
{'cached': 199}
{'cached': 200}
{'cached': 201}
{'cached': 202}
{'cached': 203}
{'cached': 204}
{'cached': 205}
{'cached': 206}
{'cached': 207}
{'cached': 208}
{'cached': 209}
{'cached': 210}
{'cached': 211}
{'cached': 212}
{'cached': 213}
{'cached': 214}
{'cached': 215}
{'cached': 215, 'done': 1}
{'cached': 215, 'done': 2}
{'cached': 215, 'done': 3}
{'cached': 215, 'done': 4}
{'cached': 216, 'done': 4}
{'cached': 217, 'done': 4}
{'cached': 218, 'done': 4}
{'cached': 219, 'done': 4}
{'cached': 220, 'done': 4}
{'cached': 221, 'done': 4}
{'cached': 222, 'done': 4}
{'cached': 223, 'done': 4}
{'cached': 224, 'done': 4}
{'cached': 225, 'done': 4}
{'cached': 226, 'done': 4}
{'cached': 227, 'done': 4}
{'cached': 228, 'done': 4}
{'cached': 229, 'done': 4}
{'cached': 230, 'done': 4}
{'cached': 231, 'done': 4}
{'cached': 232, 'done': 4}
{'cached': 233, 'done': 4}
{'cached': 234, 'done': 4}
{'cached': 234, 'done': 5}
{'cached': 234, 'done': 6}
final {'cached': 234, 'done': 6}
